2025-11-14 16:50:33 - Request received
POST: Array
(
    [name] => jmk
    [birth_date] => 2025-01-01
    [gender] => Male
    [head_circumference] => 8
    [weight] => 7
    [record_number] => 6
    [user_id] => 25
    [doctor_id] => 6
)

RAW: name=jmk&birth_date=2025-01-01&gender=Male&head_circumference=8&weight=7&record_number=6&user_id=25&doctor_id=6
2025-11-14 17:11:05 - Request received
POST: Array
(
    [name] => abcd
    [birth_date] => 2025-01-01
    [gender] => Female
    [head_circumference] => 4
    [weight] => 78
    [record_number] => 890
    [user_id] => 25
    [doctor_id] => 6
)

RAW: name=abcd&birth_date=2025-01-01&gender=Female&head_circumference=4&weight=78&record_number=890&user_id=25&doctor_id=6
2025-11-14 17:12:14 - Request received
POST: Array
(
    [name] => ali cairo
    [birth_date] => 2015-01-01
    [gender] => Female
    [head_circumference] => 4
    [weight] => 110
    [record_number] => 93
    [user_id] => 25
    [doctor_id] => 6
)

RAW: name=ali+cairo&birth_date=2015-01-01&gender=Female&head_circumference=4&weight=110&record_number=93&user_id=25&doctor_id=6
2025-11-14 17:13:01 - Request received
POST: Array
(
    [name] => mjklkjm
    [birth_date] => 2025-01-01
    [gender] => Male
    [head_circumference] => 9
    [weight] => 80
    [record_number] => 89
    [user_id] => 25
    [doctor_id] => 19
)

RAW: name=mjklkjm&birth_date=2025-01-01&gender=Male&head_circumference=9&weight=80&record_number=89&user_id=25&doctor_id=19
2025-11-14 17:13:23 - Request received
POST: Array
(
    [name] => kjhghb
    [birth_date] => 2025-01-23
    [gender] => Male
    [head_circumference] => 8
    [weight] => 89
    [record_number] => 45
    [user_id] => 25
    [doctor_id] => 6
)

RAW: name=kjhghb&birth_date=2025-01-23&gender=Male&head_circumference=8&weight=89&record_number=45&user_id=25&doctor_id=6
2025-11-14 17:20:08 - Request received
POST: Array
(
    [name] => kjhfd
    [birth_date] => 2025-01-01
    [gender] => Male
    [head_circumference] => 5
    [weight] => 45
    [record_number] => 12345
    [user_id] => 25
    [doctor_id] => 6
)

RAW: name=kjhfd&birth_date=2025-01-01&gender=Male&head_circumference=5&weight=45&record_number=12345&user_id=25&doctor_id=6
2025-11-14 17:26:19 - Request received
POST: Array
(
    [name] => Narotu
    [birth_date] => 2025-01-01
    [gender] => Male
    [head_circumference] => 3
    [weight] => 23
    [record_number] => 32
    [user_id] => 25
    [doctor_id] => 6
)

RAW: name=Narotu&birth_date=2025-01-01&gender=Male&head_circumference=3&weight=23&record_number=32&user_id=25&doctor_id=6
2025-11-14 17:26:48 - Request received
POST: Array
(
    [name] => Hinata
    [birth_date] => 2025-01-01
    [gender] => Female
    [head_circumference] => 3
    [weight] => 34
    [record_number] => 8
    [user_id] => 25
    [doctor_id] => 6
)

RAW: name=Hinata&birth_date=2025-01-01&gender=Female&head_circumference=3&weight=34&record_number=8&user_id=25&doctor_id=6
2025-11-14 17:27:35 - Request received
POST: Array
(
    [name] => sara
    [birth_date] => 2025-01-01
    [gender] => Female
    [head_circumference] => 3
    [weight] => 34
    [record_number] => 1
    [user_id] => 25
    [doctor_id] => 6
)

RAW: name=sara&birth_date=2025-01-01&gender=Female&head_circumference=3&weight=34&record_number=1&user_id=25&doctor_id=6
2025-11-14 17:28:38 - Request received
POST: Array
(
    [name] => Abass
    [birth_date] => 2016-01-01
    [gender] => Male
    [head_circumference] => 2
    [weight] => 23
    [record_number] => 23
    [user_id] => 25
    [doctor_id] => 6
)

RAW: name=Abass&birth_date=2016-01-01&gender=Male&head_circumference=2&weight=23&record_number=23&user_id=25&doctor_id=6
2025-11-14 17:29:43 - Request received
POST: Array
(
    [name] => Jamal
    [birth_date] => 2025-01-01
    [gender] => Male
    [head_circumference] => 3
    [weight] => 32
    [record_number] => 3
    [user_id] => 25
    [doctor_id] => 6
)

RAW: name=Jamal&birth_date=2025-01-01&gender=Male&head_circumference=3&weight=32&record_number=3&user_id=25&doctor_id=6
2025-11-16 18:52:52 - Request received
POST: Array
(
    [name] => abb
    [birth_date] => 2025-09-01
    [gender] => Male
    [head_circumference] => 2
    [weight] => 2
    [record_number] => 22
    [user_id] => 33
    [doctor_id] => 32
)

RAW: name=abb&birth_date=2025-09-01&gender=Male&head_circumference=2&weight=2&record_number=22&user_id=33&doctor_id=32
2025-11-16 18:53:58 - Request received
POST: Array
(
    [name] => ab
    [birth_date] => 2025-09-01
    [gender] => Male
    [head_circumference] => 3
    [weight] => 2
    [record_number] => 2222
    [user_id] => 33
    [doctor_id] => 32
)

RAW: name=ab&birth_date=2025-09-01&gender=Male&head_circumference=3&weight=2&record_number=2222&user_id=33&doctor_id=32
2025-11-16 18:56:24 - Request received
POST: Array
(
    [name] => hoor
    [birth_date] => 2023-02-06
    [gender] => Female
    [head_circumference] => 2
    [weight] => 2
    [record_number] => 222
    [user_id] => 23
    [doctor_id] => 32
)

RAW: name=hoor&birth_date=2023-02-06&gender=Female&head_circumference=2&weight=2&record_number=222&user_id=23&doctor_id=32
2025-11-16 18:57:05 - Request received
POST: Array
(
    [name] => hoor
    [birth_date] => 2025-02-06
    [gender] => Female
    [head_circumference] => 2
    [weight] => 2
    [record_number] => 2023
    [user_id] => 23
    [doctor_id] => 6
)

RAW: name=hoor&birth_date=2025-02-06&gender=Female&head_circumference=2&weight=2&record_number=2023&user_id=23&doctor_id=6
2025-11-16 19:34:52 - Request received
POST: Array
(
    [name] => hoor
    [birth_date] => 2025-11-16
    [gender] => Female
    [head_circumference] => 2
    [weight] => 2
    [record_number] => 2023
    [user_id] => 23
    [doctor_id] => 32
)

RAW: name=hoor&birth_date=2025-11-16&gender=Female&head_circumference=2&weight=2&record_number=2023&user_id=23&doctor_id=32
2025-11-16 19:59:13 - Request received
POST: Array
(
    [name] => Ali 
    [birth_date] => 2025-01-01
    [gender] => Male
    [head_circumference] => 4
    [weight] => 45
    [record_number] => 321
    [user_id] => 25
    [doctor_id] => 6
)

RAW: name=Ali+&birth_date=2025-01-01&gender=Male&head_circumference=4&weight=45&record_number=321&user_id=25&doctor_id=6
2025-11-16 20:01:08 - Request received
POST: Array
(
    [name] => Shaoukt
    [birth_date] => 2025-01-01
    [gender] => Male
    [head_circumference] => 2
    [weight] => 22
    [record_number] => 321
    [user_id] => 25
    [doctor_id] => 6
)

RAW: name=Shaoukt&birth_date=2025-01-01&gender=Male&head_circumference=2&weight=22&record_number=321&user_id=25&doctor_id=6
2025-11-16 20:05:32 - Request received
POST: Array
(
    [name] => Amira
    [birth_date] => 2025-01-22
    [gender] => Female
    [head_circumference] => 8
    [weight] => 89
    [record_number] => 76
    [user_id] => 25
    [doctor_id] => 6
)

RAW: name=Amira&birth_date=2025-01-22&gender=Female&head_circumference=8&weight=89&record_number=76&user_id=25&doctor_id=6
Extracted values - Name: Amira, Birth Date: 2025-01-22, Gender: Female, Record: 76, User: 25, Doctor: 6
2025-11-16 20:08:33 - Request received
POST: Array
(
    [name] => Mussab
    [birth_date] => 2025-01-14
    [gender] => Male
    [head_circumference] => 4
    [weight] => 44
    [record_number] => 45
    [user_id] => 25
    [doctor_id] => 6
)

RAW: name=Mussab&birth_date=2025-01-14&gender=Male&head_circumference=4&weight=44&record_number=45&user_id=25&doctor_id=6
Extracted values - Name: Mussab, Birth Date: 2025-01-14, Gender: Male, Record: 45, User: 25, Doctor: 6
Validation passed - checking for duplicates
No duplicate found - proceeding to insert
2025-11-16 20:10:22 - Request received
POST: Array
(
    [name] => Shaima
    [birth_date] => 2000-04-13
    [gender] => Female
    [head_circumference] => 8
    [weight] => 90
    [record_number] => 7
    [user_id] => 25
    [doctor_id] => 6
)

RAW: name=Shaima&birth_date=2000-04-13&gender=Female&head_circumference=8&weight=90&record_number=7&user_id=25&doctor_id=6
Extracted values - Name: Shaima, Birth Date: 2000-04-13, Gender: Female, Record: 7, User: 25, Doctor: 6
Validation passed - checking for duplicates
No duplicate found - proceeding to insert
Preparing INSERT statement
Binding parameters: name=Shaima, birth_date=2000-04-13, gender=Female, head=8, weight=90, record=7, user=25, doctor=6
2025-11-16 20:17:53 - Request received
POST: Array
(
    [name] => Ola
    [birth_date] => 2025-01-01
    [gender] => Female
    [head_circumference] => 7
    [weight] => 25
    [record_number] => 5
    [user_id] => 25
    [doctor_id] => 6
)

RAW: name=Ola&birth_date=2025-01-01&gender=Female&head_circumference=7&weight=25&record_number=5&user_id=25&doctor_id=6
2025-11-16 20:18:48 - Request received
POST: Array
(
    [name] => شوكت
    [birth_date] => 2025-01-01
    [gender] => Male
    [head_circumference] => 7
    [weight] => 78
    [record_number] => 6
    [user_id] => 25
    [doctor_id] => 6
)

RAW: name=%D8%B4%D9%88%D9%83%D8%AA&birth_date=2025-01-01&gender=Male&head_circumference=7&weight=78&record_number=6&user_id=25&doctor_id=6
2025-11-16 20:19:17 - Request received
POST: Array
(
    [name] => شوكت
    [birth_date] => 2025-01-01
    [gender] => Male
    [head_circumference] => 6
    [weight] => 20
    [record_number] => 45
    [user_id] => 25
    [doctor_id] => 6
)

RAW: name=%D8%B4%D9%88%D9%83%D8%AA&birth_date=2025-01-01&gender=Male&head_circumference=6&weight=20&record_number=45&user_id=25&doctor_id=6
2025-11-16 20:19:50 - Request received
POST: Array
(
    [name] => Shaoukt
    [birth_date] => 2025-01-01
    [gender] => Male
    [head_circumference] => 6
    [weight] => 25
    [record_number] => 879
    [user_id] => 25
    [doctor_id] => 6
)

RAW: name=Shaoukt&birth_date=2025-01-01&gender=Male&head_circumference=6&weight=25&record_number=879&user_id=25&doctor_id=6
2025-11-16 20:21:46 - Request received
POST: Array
(
    [name] => Abdallah
    [birth_date] => 2025-01-01
    [gender] => Male
    [head_circumference] => 6
    [weight] => 66
    [record_number] => 5
    [user_id] => 25
    [doctor_id] => 6
)

RAW: name=Abdallah&birth_date=2025-01-01&gender=Male&head_circumference=6&weight=66&record_number=5&user_id=25&doctor_id=6
2025-11-16 20:22:21 - Request received
POST: Array
(
    [name] => Mustafa
    [birth_date] => 2025-01-01
    [gender] => Male
    [head_circumference] => 7
    [weight] => 25
    [record_number] => 5
    [user_id] => 25
    [doctor_id] => 6
)

RAW: name=Mustafa&birth_date=2025-01-01&gender=Male&head_circumference=7&weight=25&record_number=5&user_id=25&doctor_id=6
2025-11-16 20:23:04 - Request received
POST: Array
(
    [name] => Ahmed
    [birth_date] => 2025-01-01
    [gender] => Male
    [head_circumference] => 6
    [weight] => 23
    [record_number] => 4
    [user_id] => 25
    [doctor_id] => 6
)

RAW: name=Ahmed&birth_date=2025-01-01&gender=Male&head_circumference=6&weight=23&record_number=4&user_id=25&doctor_id=6
2025-11-16 20:26:07 - Request received
POST: Array
(
    [name] => Maram
    [birth_date] => 2025-01-01
    [gender] => Female
    [head_circumference] => 5
    [weight] => 26
    [record_number] => 32
    [user_id] => 25
    [doctor_id] => 32
)

RAW: name=Maram&birth_date=2025-01-01&gender=Female&head_circumference=5&weight=26&record_number=32&user_id=25&doctor_id=32
2025-11-16 20:26:50 - Request received
POST: Array
(
    [name] => Sana
    [birth_date] => 2025-01-01
    [gender] => Female
    [head_circumference] => 6
    [weight] => 24
    [record_number] => 2
    [user_id] => 25
    [doctor_id] => 32
)

RAW: name=Sana&birth_date=2025-01-01&gender=Female&head_circumference=6&weight=24&record_number=2&user_id=25&doctor_id=32
2025-11-16 20:27:25 - Request received
POST: Array
(
    [name] => Mahmoud
    [birth_date] => 2012-04-24
    [gender] => Male
    [head_circumference] => 7
    [weight] => 34
    [record_number] => 6
    [user_id] => 25
    [doctor_id] => 34
)

RAW: name=Mahmoud&birth_date=2012-04-24&gender=Male&head_circumference=7&weight=34&record_number=6&user_id=25&doctor_id=34
2025-11-16 20:48:55 - Request received
POST: Array
(
    [name] => Alaa
    [birth_date] => 2025-01-30
    [gender] => Female
    [head_circumference] => 2
    [weight] => 23
    [record_number] => 21
    [user_id] => 25
    [doctor_id] => 6
)

RAW: name=Alaa&birth_date=2025-01-30&gender=Female&head_circumference=2&weight=23&record_number=21&user_id=25&doctor_id=6
2025-11-16 20:50:11 - Request received
POST: Array
(
    [name] => Ruba
    [birth_date] => 2025-01-15
    [gender] => Female
    [head_circumference] => 4
    [weight] => 23
    [record_number] => 9
    [user_id] => 31
    [doctor_id] => 6
)

RAW: name=Ruba&birth_date=2025-01-15&gender=Female&head_circumference=4&weight=23&record_number=9&user_id=31&doctor_id=6
2025-11-16 20:51:01 - Request received
POST: Array
(
    [name] => Ruba
    [birth_date] => 2025-01-01
    [gender] => Female
    [head_circumference] => 3
    [weight] => 27
    [record_number] => 3
    [user_id] => 31
    [doctor_id] => 6
)

RAW: name=Ruba&birth_date=2025-01-01&gender=Female&head_circumference=3&weight=27&record_number=3&user_id=31&doctor_id=6
2025-11-16 20:51:35 - Request received
POST: Array
(
    [name] => Nasif
    [birth_date] => 2025-01-15
    [gender] => Male
    [head_circumference] => 6
    [weight] => 31
    [record_number] => 4
    [user_id] => 31
    [doctor_id] => 6
)

RAW: name=Nasif&birth_date=2025-01-15&gender=Male&head_circumference=6&weight=31&record_number=4&user_id=31&doctor_id=6
2025-11-16 20:52:22 - Request received
POST: Array
(
    [name] => Patrick
    [birth_date] => 2025-01-06
    [gender] => Male
    [head_circumference] => 9
    [weight] => 56
    [record_number] => 5
    [user_id] => 31
    [doctor_id] => 6
)

RAW: name=Patrick&birth_date=2025-01-06&gender=Male&head_circumference=9&weight=56&record_number=5&user_id=31&doctor_id=6
2025-11-16 21:07:08 - Request received
POST: Array
(
    [name] => hoor
    [birth_date] => 2025-11-16
    [gender] => Female
    [head_circumference] => 3
    [weight] => 5
    [record_number] => 4556
    [user_id] => 23
    [doctor_id] => 32
)

RAW: name=hoor&birth_date=2025-11-16&gender=Female&head_circumference=3&weight=5&record_number=4556&user_id=23&doctor_id=32
2025-11-16 21:07:56 - Request received
POST: Array
(
    [name] => hoor
    [birth_date] => 2025-11-16
    [gender] => Female
    [head_circumference] => 3
    [weight] => 2
    [record_number] => 234
    [user_id] => 23
    [doctor_id] => 32
)

RAW: name=hoor&birth_date=2025-11-16&gender=Female&head_circumference=3&weight=2&record_number=234&user_id=23&doctor_id=32
2025-11-16 22:10:34 - Request received
POST: Array
(
    [name] => mmm
    [birth_date] => 2025-06-27
    [gender] => Male
    [head_circumference] => 4
    [weight] => 2
    [record_number] => 2
    [user_id] => 23
    [doctor_id] => 34
)

RAW: name=mmm&birth_date=2025-06-27&gender=Male&head_circumference=4&weight=2&record_number=2&user_id=23&doctor_id=34
2025-11-16 22:11:31 - Request received
POST: Array
(
    [name] => jkkkk
    [birth_date] => 2025-01-01
    [gender] => Male
    [head_circumference] => 3
    [weight] => 4
    [record_number] => 4667
    [user_id] => 23
    [doctor_id] => 32
)

RAW: name=jkkkk&birth_date=2025-01-01&gender=Male&head_circumference=3&weight=4&record_number=4667&user_id=23&doctor_id=32
2025-11-16 22:13:32 - Request received
POST: Array
(
    [name] => lkh
    [birth_date] => 2025-01-01
    [gender] => Male
    [head_circumference] => 3
    [weight] => 2
    [record_number] => 123
    [user_id] => 23
    [doctor_id] => 32
)

RAW: name=lkh&birth_date=2025-01-01&gender=Male&head_circumference=3&weight=2&record_number=123&user_id=23&doctor_id=32
2025-11-16 22:15:02 - Request received
POST: Array
(
    [name] => assd
    [birth_date] => 2025-01-01
    [gender] => Male
    [head_circumference] => 23
    [weight] => 3
    [record_number] => 6677
    [user_id] => 23
    [doctor_id] => 32
)

RAW: name=assd&birth_date=2025-01-01&gender=Male&head_circumference=23&weight=3&record_number=6677&user_id=23&doctor_id=32
2025-11-16 22:16:12 - Request received
POST: Array
(
    [name] => sdfghjk
    [birth_date] => 2025-01-21
    [gender] => Male
    [head_circumference] => 2
    [weight] => 4
    [record_number] => 4555
    [user_id] => 23
    [doctor_id] => 34
)

RAW: name=sdfghjk&birth_date=2025-01-21&gender=Male&head_circumference=2&weight=4&record_number=4555&user_id=23&doctor_id=34
2025-11-16 22:17:38 - Request received
POST: Array
(
    [name] => rrrr
    [birth_date] => 2025-02-19
    [gender] => Male
    [head_circumference] => 4
    [weight] => 5
    [record_number] => 6888
    [user_id] => 23
    [doctor_id] => 32
)

RAW: name=rrrr&birth_date=2025-02-19&gender=Male&head_circumference=4&weight=5&record_number=6888&user_id=23&doctor_id=32
2025-11-16 22:19:10 - Request received
POST: Array
(
    [name] => liiii
    [birth_date] => 2025-01-01
    [gender] => Male
    [head_circumference] => 34
    [weight] => 2
    [record_number] => 5
    [user_id] => 23
    [doctor_id] => 34
)

RAW: name=liiii&birth_date=2025-01-01&gender=Male&head_circumference=34&weight=2&record_number=5&user_id=23&doctor_id=34
2025-11-17 08:53:19 - Request received
POST: Array
(
    [name] => hoor
    [birth_date] => 2025-09-20
    [gender] => Female
    [head_circumference] => 2
    [weight] => 2
    [record_number] => 123
    [user_id] => 23
    [doctor_id] => 34
)

RAW: name=hoor&birth_date=2025-09-20&gender=Female&head_circumference=2&weight=2&record_number=123&user_id=23&doctor_id=34
2025-11-17 08:54:19 - Request received
POST: Array
(
    [name] => hoor
    [birth_date] => 2025-09-20
    [gender] => Female
    [head_circumference] => 2
    [weight] => 3
    [record_number] => 234
    [user_id] => 23
    [doctor_id] => 34
)

RAW: name=hoor&birth_date=2025-09-20&gender=Female&head_circumference=2&weight=3&record_number=234&user_id=23&doctor_id=34
2025-11-17 08:55:37 - Request received
POST: Array
(
    [name] => kk
    [birth_date] => 2025-11-17
    [gender] => Female
    [head_circumference] => 2
    [weight] => 2
    [record_number] => 345
    [user_id] => 23
    [doctor_id] => 34
)

RAW: name=kk&birth_date=2025-11-17&gender=Female&head_circumference=2&weight=2&record_number=345&user_id=23&doctor_id=34
2025-11-17 08:58:32 - Request received
POST: Array
(
    [name] => hashim
    [birth_date] => 2025-09-19
    [gender] => Male
    [head_circumference] => 2
    [weight] => 2
    [record_number] => 222
    [user_id] => 35
    [doctor_id] => 34
)

RAW: name=hashim&birth_date=2025-09-19&gender=Male&head_circumference=2&weight=2&record_number=222&user_id=35&doctor_id=34
2025-11-17 08:59:42 - Request received
POST: Array
(
    [name] => hashim
    [birth_date] => 2025-01-01
    [gender] => Male
    [head_circumference] => 2
    [weight] => 3
    [record_number] => 467
    [user_id] => 35
    [doctor_id] => 34
)

RAW: name=hashim&birth_date=2025-01-01&gender=Male&head_circumference=2&weight=3&record_number=467&user_id=35&doctor_id=34
2025-11-17 09:15:25 - Request received
POST: Array
(
    [name] => kkk
    [birth_date] => 2025-01-01
    [gender] => Male
    [head_circumference] => 3
    [weight] => 2
    [record_number] => 23445
    [user_id] => 35
    [doctor_id] => 32
)

RAW: name=kkk&birth_date=2025-01-01&gender=Male&head_circumference=3&weight=2&record_number=23445&user_id=35&doctor_id=32
2025-11-17 09:48:06 - Request received
POST: Array
(
    [name] => test3
    [birth_date] => 2025-09-18
    [gender] => Male
    [head_circumference] => 2
    [weight] => 1
    [record_number] => 12333
    [user_id] => 23
    [doctor_id] => 32
)

RAW: name=test3&birth_date=2025-09-18&gender=Male&head_circumference=2&weight=1&record_number=12333&user_id=23&doctor_id=32
2025-11-17 09:49:43 - Request received
POST: Array
(
    [name] => nmx
    [birth_date] => 2025-10-01
    [gender] => Male
    [head_circumference] => 2
    [weight] => 2
    [record_number] => 2344
    [user_id] => 23
    [doctor_id] => 32
)

RAW: name=nmx&birth_date=2025-10-01&gender=Male&head_circumference=2&weight=2&record_number=2344&user_id=23&doctor_id=32
2025-11-17 09:50:38 - Request received
POST: Array
(
    [name] => hjk
    [birth_date] => 2025-10-31
    [gender] => Male
    [head_circumference] => 2
    [weight] => 2
    [record_number] => 23344
    [user_id] => 23
    [doctor_id] => 32
)

RAW: name=hjk&birth_date=2025-10-31&gender=Male&head_circumference=2&weight=2&record_number=23344&user_id=23&doctor_id=32
2025-11-17 09:51:56 - Request received
POST: Array
(
    [name] => test5
    [birth_date] => 2025-11-17
    [gender] => Male
    [head_circumference] => 2
    [weight] => 2
    [record_number] => 23444
    [user_id] => 23
    [doctor_id] => 32
)

RAW: name=test5&birth_date=2025-11-17&gender=Male&head_circumference=2&weight=2&record_number=23444&user_id=23&doctor_id=32
2025-11-17 09:53:42 - Request received
POST: Array
(
    [name] => nnn
    [birth_date] => 2025-11-15
    [gender] => Male
    [head_circumference] => 2
    [weight] => 2
    [record_number] => 987
    [user_id] => 23
    [doctor_id] => 32
)

RAW: name=nnn&birth_date=2025-11-15&gender=Male&head_circumference=2&weight=2&record_number=987&user_id=23&doctor_id=32
2025-11-17 13:22:37 - Request received
POST: Array
(
    [name] => ddd
    [birth_date] => 2025-08-30
    [gender] => Male
    [head_circumference] => 2
    [weight] => 2
    [record_number] => 2222
    [user_id] => 23
    [doctor_id] => 6
)

RAW: name=ddd&birth_date=2025-08-30&gender=Male&head_circumference=2&weight=2&record_number=2222&user_id=23&doctor_id=6
2025-11-17 13:23:34 - Request received
POST: Array
(
    [name] => jj
    [birth_date] => 2025-05-30
    [gender] => Male
    [head_circumference] => 3
    [weight] => 3
    [record_number] => 23456
    [user_id] => 23
    [doctor_id] => 32
)

RAW: name=jj&birth_date=2025-05-30&gender=Male&head_circumference=3&weight=3&record_number=23456&user_id=23&doctor_id=32
2025-11-17 13:39:30 - Request received
POST: Array
(
    [name] => hhh
    [birth_date] => 2025-05-31
    [gender] => Male
    [head_circumference] => 2
    [weight] => 3
    [record_number] => 3333
    [user_id] => 35
    [doctor_id] => 34
)

RAW: name=hhh&birth_date=2025-05-31&gender=Male&head_circumference=2&weight=3&record_number=3333&user_id=35&doctor_id=34
2025-11-17 13:40:31 - Request received
POST: Array
(
    [name] => hhh
    [birth_date] => 2025-04-24
    [gender] => Male
    [head_circumference] => 2
    [weight] => 2
    [record_number] => 2222
    [user_id] => 35
    [doctor_id] => 32
)

RAW: name=hhh&birth_date=2025-04-24&gender=Male&head_circumference=2&weight=2&record_number=2222&user_id=35&doctor_id=32
2025-11-17 16:50:33 - Request received
POST: Array
(
    [name] => hhh
    [birth_date] => 2025-01-01
    [gender] => Male
    [head_circumference] => 2
    [weight] => 2
    [record_number] => 2222
    [user_id] => 23
    [doctor_id] => 34
)

RAW: name=hhh&birth_date=2025-01-01&gender=Male&head_circumference=2&weight=2&record_number=2222&user_id=23&doctor_id=34
2025-11-17 16:58:37 - Request received
POST: Array
(
    [name] => mmm
    [birth_date] => 2025-01-01
    [gender] => Female
    [head_circumference] => 4
    [weight] => 3
    [record_number] => 45678
    [user_id] => 23
    [doctor_id] => 34
)

RAW: name=mmm&birth_date=2025-01-01&gender=Female&head_circumference=4&weight=3&record_number=45678&user_id=23&doctor_id=34
2025-11-17 17:08:53 - Request received
POST: Array
(
    [name] => jjj
    [birth_date] => 2025-01-24
    [gender] => Male
    [head_circumference] => 2
    [weight] => 566
    [record_number] => 6777
    [user_id] => 23
    [doctor_id] => 32
)

RAW: name=jjj&birth_date=2025-01-24&gender=Male&head_circumference=2&weight=566&record_number=6777&user_id=23&doctor_id=32
2025-11-17 17:20:21 - Request received
POST: Array
(
    [name] => ggg
    [birth_date] => 2025-01-17
    [gender] => Male
    [head_circumference] => 2
    [weight] => 2
    [record_number] => 234567
    [user_id] => 23
    [doctor_id] => 32
)

RAW: name=ggg&birth_date=2025-01-17&gender=Male&head_circumference=2&weight=2&record_number=234567&user_id=23&doctor_id=32
2025-11-18 08:43:53 - Request received
POST: Array
(
    [name] => llll
    [birth_date] => 2025-01-23
    [gender] => Male
    [head_circumference] => 6
    [weight] => 2
    [record_number] => 4
    [user_id] => 23
    [doctor_id] => 34
)

RAW: name=llll&birth_date=2025-01-23&gender=Male&head_circumference=6&weight=2&record_number=4&user_id=23&doctor_id=34
2025-11-18 08:45:57 - Request received
POST: Array
(
    [name] => hashim
    [birth_date] => 2024-04-08
    [gender] => Male
    [head_circumference] => 2
    [weight] => 3
    [record_number] => 2345678
    [user_id] => 35
    [doctor_id] => 34
)

RAW: name=hashim&birth_date=2024-04-08&gender=Male&head_circumference=2&weight=3&record_number=2345678&user_id=35&doctor_id=34
2025-11-18 08:47:00 - Request received
POST: Array
(
    [name] => hashim
    [birth_date] => 2024-04-08
    [gender] => Male
    [head_circumference] => 2
    [weight] => 2
    [record_number] => 789
    [user_id] => 35
    [doctor_id] => 34
)

RAW: name=hashim&birth_date=2024-04-08&gender=Male&head_circumference=2&weight=2&record_number=789&user_id=35&doctor_id=34
2025-11-18 09:00:41 - Request received
POST: Array
(
    [name] => hhh
    [birth_date] => 2025-01-31
    [gender] => Male
    [head_circumference] => 2
    [weight] => 2
    [record_number] => 245999
    [user_id] => 23
    [doctor_id] => 19
)

RAW: name=hhh&birth_date=2025-01-31&gender=Male&head_circumference=2&weight=2&record_number=245999&user_id=23&doctor_id=19
2025-11-18 09:28:28 - Request received
POST: Array
(
    [name] => hh
    [birth_date] => 2025-07-16
    [gender] => Male
    [head_circumference] => 3
    [weight] => 2
    [record_number] => 432
    [user_id] => 23
    [doctor_id] => 19
)

RAW: name=hh&birth_date=2025-07-16&gender=Male&head_circumference=3&weight=2&record_number=432&user_id=23&doctor_id=19
2025-11-18 09:29:27 - Request received
POST: Array
(
    [name] => fd
    [birth_date] => 2025-01-24
    [gender] => Female
    [head_circumference] => 2
    [weight] => 34
    [record_number] => 4555555
    [user_id] => 23
    [doctor_id] => 19
)

RAW: name=fd&birth_date=2025-01-24&gender=Female&head_circumference=2&weight=34&record_number=4555555&user_id=23&doctor_id=19
2025-11-18 16:45:47 - Request received
POST: Array
(
    [name] => ooo
    [birth_date] => 2025-04-18
    [gender] => Male
    [head_circumference] => 2
    [weight] => 2
    [record_number] => 222222
    [user_id] => 23
    [doctor_id] => 32
)

RAW: name=ooo&birth_date=2025-04-18&gender=Male&head_circumference=2&weight=2&record_number=222222&user_id=23&doctor_id=32
2025-11-18 16:46:44 - Request received
POST: Array
(
    [name] => b
    [birth_date] => 2024-12-12
    [gender] => Male
    [head_circumference] => 3
    [weight] => 1
    [record_number] => 11111
    [user_id] => 23
    [doctor_id] => 19
)

RAW: name=b&birth_date=2024-12-12&gender=Male&head_circumference=3&weight=1&record_number=11111&user_id=23&doctor_id=19
2025-11-18 16:48:00 - Request received
POST: Array
(
    [name] => kkk
    [birth_date] => 2024-11-23
    [gender] => Male
    [head_circumference] => 3
    [weight] => 3
    [record_number] => 33333
    [user_id] => 23
    [doctor_id] => 19
)

RAW: name=kkk&birth_date=2024-11-23&gender=Male&head_circumference=3&weight=3&record_number=33333&user_id=23&doctor_id=19
2025-11-18 16:49:32 - Request received
POST: Array
(
    [name] => dd
    [birth_date] => 2024-11-21
    [gender] => Female
    [head_circumference] => 2
    [weight] => 3
    [record_number] => 345678
    [user_id] => 23
    [doctor_id] => 34
)

RAW: name=dd&birth_date=2024-11-21&gender=Female&head_circumference=2&weight=3&record_number=345678&user_id=23&doctor_id=34
2025-11-18 17:30:26 - Request received
POST: Array
(
    [name] => hashim
    [birth_date] => 2024-04-08
    [gender] => Male
    [head_circumference] => 6
    [weight] => 8
    [record_number] => 34567
    [user_id] => 23
    [doctor_id] => 32
)

RAW: name=hashim&birth_date=2024-04-08&gender=Male&head_circumference=6&weight=8&record_number=34567&user_id=23&doctor_id=32
2025-11-18 17:30:59 - Request received
POST: Array
(
    [name] => taleen
    [birth_date] => 2025-06-21
    [gender] => Male
    [head_circumference] => 4
    [weight] => 4
    [record_number] => 4444444444
    [user_id] => 23
    [doctor_id] => 6
)

RAW: name=taleen&birth_date=2025-06-21&gender=Male&head_circumference=4&weight=4&record_number=4444444444&user_id=23&doctor_id=6
2025-11-18 18:04:10 - Request received
POST: Array
(
    [name] => hh
    [birth_date] => 2025-01-18
    [gender] => Male
    [head_circumference] => 8
    [weight] => 8
    [record_number] => 987654567
    [user_id] => 23
    [doctor_id] => 6
)

RAW: name=hh&birth_date=2025-01-18&gender=Male&head_circumference=8&weight=8&record_number=987654567&user_id=23&doctor_id=6
2025-11-18 18:12:31 - Request received
POST: Array
(
    [name] => a
    [birth_date] => 2025-01-01
    [gender] => Male
    [head_circumference] => 2
    [weight] => 2
    [record_number] => 22222
    [user_id] => 23
    [doctor_id] => 19
)

RAW: name=a&birth_date=2025-01-01&gender=Male&head_circumference=2&weight=2&record_number=22222&user_id=23&doctor_id=19
2025-11-18 18:21:10 - Request received
POST: Array
(
    [name] => Omer
    [birth_date] => 2025-01-01
    [gender] => Male
    [head_circumference] => 6
    [weight] => 56
    [record_number] => 432
    [user_id] => 25
    [doctor_id] => 6
)

RAW: name=Omer&birth_date=2025-01-01&gender=Male&head_circumference=6&weight=56&record_number=432&user_id=25&doctor_id=6
2025-11-18 18:21:56 - Request received
POST: Array
(
    [name] => n
    [birth_date] => 2025-01-01
    [gender] => Male
    [head_circumference] => 8
    [weight] => 98
    [record_number] => 89
    [user_id] => 25
    [doctor_id] => 6
)

RAW: name=n&birth_date=2025-01-01&gender=Male&head_circumference=8&weight=98&record_number=89&user_id=25&doctor_id=6
2025-11-18 18:29:05 - Request received
POST: Array
(
    [name] => j
    [birth_date] => 2025-01-01
    [gender] => Male
    [head_circumference] => 7
    [weight] => 24
    [record_number] => 432
    [user_id] => 25
    [doctor_id] => 6
)

RAW: name=j&birth_date=2025-01-01&gender=Male&head_circumference=7&weight=24&record_number=432&user_id=25&doctor_id=6
2025-11-18 18:29:43 - Request received
POST: Array
(
    [name] => Abass
    [birth_date] => 2025-01-01
    [gender] => Male
    [head_circumference] => 2
    [weight] => 24
    [record_number] => 21
    [user_id] => 25
    [doctor_id] => 6
)

RAW: name=Abass&birth_date=2025-01-01&gender=Male&head_circumference=2&weight=24&record_number=21&user_id=25&doctor_id=6
2025-11-18 18:30:31 - Request received
POST: Array
(
    [name] => Marwa
    [birth_date] => 2015-04-04
    [gender] => Male
    [head_circumference] => 1
    [weight] => 55
    [record_number] => 90
    [user_id] => 25
    [doctor_id] => 32
)

RAW: name=Marwa&birth_date=2015-04-04&gender=Male&head_circumference=1&weight=55&record_number=90&user_id=25&doctor_id=32
2025-11-18 18:31:56 - Request received
POST: Array
(
    [name] => ll
    [birth_date] => 2025-01-01
    [gender] => Male
    [head_circumference] => 2
    [weight] => 2
    [record_number] => 222
    [user_id] => 23
    [doctor_id] => 32
)

RAW: name=ll&birth_date=2025-01-01&gender=Male&head_circumference=2&weight=2&record_number=222&user_id=23&doctor_id=32
2025-11-18 18:31:57 - Request received
POST: Array
(
    [name] => ll
    [birth_date] => 2025-01-01
    [gender] => Male
    [head_circumference] => 2
    [weight] => 2
    [record_number] => 222
    [user_id] => 23
    [doctor_id] => 32
)

RAW: name=ll&birth_date=2025-01-01&gender=Male&head_circumference=2&weight=2&record_number=222&user_id=23&doctor_id=32
2025-11-18 18:32:25 - Request received
POST: Array
(
    [name] => cc
    [birth_date] => 2025-01-01
    [gender] => Male
    [head_circumference] => 3
    [weight] => 6
    [record_number] => 0999
    [user_id] => 23
    [doctor_id] => 32
)

RAW: name=cc&birth_date=2025-01-01&gender=Male&head_circumference=3&weight=6&record_number=0999&user_id=23&doctor_id=32
2025-11-18 18:39:30 - Request received
POST: Array
(
    [name] => hashim
    [birth_date] => 2024-04-08
    [gender] => Male
    [head_circumference] => 3
    [weight] => 3
    [record_number] => 98000
    [user_id] => 36
    [doctor_id] => 34
)

RAW: name=hashim&birth_date=2024-04-08&gender=Male&head_circumference=3&weight=3&record_number=98000&user_id=36&doctor_id=34
2025-11-22 14:12:43 - Request received
POST: Array
(
    [name] => shaima
    [birth_date] => 2025-01-31
    [gender] => Female
    [head_circumference] => 2
    [weight] => 2
    [record_number] => 23456666
    [user_id] => 23
    [doctor_id] => 34
)

RAW: name=shaima&birth_date=2025-01-31&gender=Female&head_circumference=2&weight=2&record_number=23456666&user_id=23&doctor_id=34
